********************************************************************************
TMS320C2000 COFF/Hex Converter                                            v4.1.3
********************************************************************************

INPUT FILE NAME: <a_lf_drone_v1.out>
OUTPUT FORMAT:   Intel

PHYSICAL MEMORY PARAMETERS
   Default data width   :  16
   Default memory width :  16
   Default output width :  16


OUTPUT TRANSLATION MAP
--------------------------------------------------------------------------------
00000000..003fffff  Page=0  Memory Width=16  ROM Width=16
--------------------------------------------------------------------------------
   OUTPUT FILES: a_lf_drone_v1.hex [b0..b15]

   CONTENTS: 003e8000..003e8001   codestart Data Width=2   
             003e8002..003eb268   .text Data Width=2   
             003eb26a..003eb6de   .econst Data Width=2   
             003eb6df..003eb95e   VFD_FONT Data Width=2   
             003eb95f..003eb9b9   IQmath Data Width=2   
             003eb9ba..003eb9dc   ramfuncs Data Width=2   
             003eb9dd..003eb9fd   .cinit Data Width=2   

--------------------------------------------------------------------------------
00000000..003fffff  Page=1  Memory Width=16  ROM Width=16  "*DEFAULT PAGE 1*"
--------------------------------------------------------------------------------
   NO CONTENTS
